        Info Looking up installed tauri packages to check mismatched versions...
     Running beforeBuildCommand `npm run build`

> furniture-shop@0.1.0 build
> next build

   ▲ Next.js 15.5.25

   Creating an optimized production build ...
 ✓ Compiled successfully in 3.8s
   Linting and checking validity of types ...

 ⚠ The Next.js plugin was not detected in your ESLint configuration. See https://nextjs.org/docs/app/api-reference/config/eslint#migrating-existing-config
   Collecting page data ...
   Generating static pages (0/4) ...
   Generating static pages (1/4) 
   Generating static pages (2/4) 
   Generating static pages (3/4) 
 ✓ Generating static pages (4/4)
   Finalizing page optimization ...
   Collecting build traces ...
   Exporting (0/2) ...
 ✓ Exporting (2/2)

Route (app)                                 Size  First Load JS
┌ ○ /                                     119 kB         266 kB
└ ○ /_not-found                            993 B         104 kB
+ First Load JS shared by all             103 kB
  ├ chunks/255-a85cef9cc3a04b12.js       46.5 kB
  ├ chunks/4bd1b696-c023c6e3521b1417.js  54.2 kB
  └ other shared chunks (total)          1.97 kB


○  (Static)  prerendered as static content

   Compiling furniture-shop v0.1.0 (D:\Projects\Furniture Showroom system\src-tauri)
